<?php return array (
  0 => 'Symfony\\Bundle\\FrameworkBundle\\Controller\\AbstractController',
  1 => 'App\\Controller\\AuteurController',
  2 => 'App\\Controller\\CategorieController',
  3 => 'App\\Controller\\EmpruntController',
  4 => 'App\\Controller\\ExemplaireController',
  5 => 'App\\Controller\\FavorisController',
  6 => 'App\\Controller\\LivreController',
  7 => 'App\\Controller\\MembreController',
  8 => 'App\\Controller\\PositionController',
  9 => 'App\\Controller\\ReservationController',
  10 => 'App\\Controller\\SystemController',
  11 => 'App\\Entity\\Auteur',
  12 => 'App\\Entity\\Chapitre',
  13 => 'App\\Entity\\Colonne',
  14 => 'App\\Entity\\Emplacement',
  15 => 'App\\Entity\\Emprunt',
  16 => 'App\\Entity\\Exemplaire',
  17 => 'App\\Entity\\ExemplaireLivre',
  18 => 'App\\Entity\\Favoris',
  19 => 'App\\Entity\\Langue',
  20 => 'App\\Entity\\Livre',
  21 => 'App\\Entity\\Membre',
  22 => 'App\\Entity\\NsAuthorisation',
  23 => 'App\\Entity\\Position',
  24 => 'App\\Entity\\Ranger',
  25 => 'App\\Entity\\Reservation',
  26 => 'App\\Entity\\Role',
  27 => 'App\\Entity\\SousCategorie',
  28 => 'App\\Entity\\StatusEmprunt',
  29 => 'App\\Entity\\StatusReservation',
  30 => 'Doctrine\\Bundle\\DoctrineBundle\\Controller\\ProfilerController',
  31 => 'Doctrine\\ORM\\Cache\\Persister\\Entity\\AbstractEntityPersister',
  32 => 'Doctrine\\ORM\\Cache\\Persister\\Entity\\CachedEntityPersister',
  33 => 'Doctrine\\ORM\\Cache\\Persister\\Entity\\NonStrictReadWriteCachedEntityPersister',
  34 => 'Doctrine\\ORM\\Cache\\Persister\\Entity\\ReadOnlyCachedEntityPersister',
  35 => 'Doctrine\\ORM\\Cache\\Persister\\Entity\\ReadWriteCachedEntityPersister',
  36 => 'Doctrine\\ORM\\Persisters\\Entity\\AbstractEntityInheritancePersister',
  37 => 'Doctrine\\ORM\\Persisters\\Entity\\BasicEntityPersister',
  38 => 'Doctrine\\ORM\\Persisters\\Entity\\CachedPersisterContext',
  39 => 'Doctrine\\ORM\\Persisters\\Entity\\EntityPersister',
  40 => 'Doctrine\\ORM\\Persisters\\Entity\\JoinedSubclassPersister',
  41 => 'Doctrine\\ORM\\Persisters\\Entity\\SingleTablePersister',
  42 => 'Nelmio\\ApiDocBundle\\Controller\\DocumentationController',
  43 => 'Nelmio\\ApiDocBundle\\Controller\\SwaggerUiController',
  44 => 'Nelmio\\ApiDocBundle\\Controller\\YamlDocumentationController',
  46 => 'Symfony\\Bundle\\FrameworkBundle\\Controller\\ControllerResolver',
  47 => 'Symfony\\Bundle\\FrameworkBundle\\Controller\\RedirectController',
  48 => 'Symfony\\Bundle\\FrameworkBundle\\Controller\\TemplateController',
  49 => 'Symfony\\Component\\HttpKernel\\Controller\\ArgumentResolver',
  50 => 'Symfony\\Component\\HttpKernel\\Controller\\ArgumentResolverInterface',
  51 => 'Symfony\\Component\\HttpKernel\\Controller\\ArgumentResolver\\DefaultValueResolver',
  52 => 'Symfony\\Component\\HttpKernel\\Controller\\ArgumentResolver\\NotTaggedControllerValueResolver',
  53 => 'Symfony\\Component\\HttpKernel\\Controller\\ArgumentResolver\\RequestAttributeValueResolver',
  54 => 'Symfony\\Component\\HttpKernel\\Controller\\ArgumentResolver\\RequestValueResolver',
  55 => 'Symfony\\Component\\HttpKernel\\Controller\\ArgumentResolver\\ServiceValueResolver',
  56 => 'Symfony\\Component\\HttpKernel\\Controller\\ArgumentResolver\\SessionValueResolver',
  57 => 'Symfony\\Component\\HttpKernel\\Controller\\ArgumentResolver\\TraceableValueResolver',
  58 => 'Symfony\\Component\\HttpKernel\\Controller\\ArgumentResolver\\VariadicValueResolver',
  59 => 'Symfony\\Component\\HttpKernel\\Controller\\ArgumentValueResolverInterface',
  60 => 'Symfony\\Component\\HttpKernel\\Controller\\ContainerControllerResolver',
  61 => 'Symfony\\Component\\HttpKernel\\Controller\\ControllerReference',
  62 => 'Symfony\\Component\\HttpKernel\\Controller\\ControllerResolver',
  63 => 'Symfony\\Component\\HttpKernel\\Controller\\ControllerResolverInterface',
  64 => 'Symfony\\Component\\HttpKernel\\Controller\\ErrorController',
  65 => 'Symfony\\Component\\HttpKernel\\Controller\\TraceableArgumentResolver',
  66 => 'Symfony\\Component\\HttpKernel\\Controller\\TraceableControllerResolver',
  67 => 'Symfony\\Component\\Security\\Http\\Controller\\UserValueResolver',
);